Sweeping 4 Common Crawl indices: CC-MAIN-2026-34, CC-MAIN-2026-30, CC-MAIN-2026-25, CC-MAIN-2026-21

CC-MAIN-2026-34 boards.greenhouse.io: 2 pages -> +1782 new tokens (greenhouse total 1782)
CC-MAIN-2026-34 job-boards.greenhouse.io: 5 pages -> +1760 new tokens (greenhouse total 3542)
CC-MAIN-2026-34 boards.eu.greenhouse.io: 1 pages -> +30 new tokens (greenhouse total 3572)
CC-MAIN-2026-34 job-boards.eu.greenhouse.io: 1 pages -> +275 new tokens (greenhouse total 3847)
CC-MAIN-2026-34 jobs.lever.co: 1 pages -> +0 new tokens (lever total 0)
CC-MAIN-2026-34 jobs.eu.lever.co: 1 pages -> +73 new tokens (lever total 73)
CC-MAIN-2026-34 jobs.ashbyhq.com: 2 pages -> +2709 new tokens (ashby total 2709)
CC-MAIN-2026-30 boards.greenhouse.io: 1 pages -> +37 new tokens (greenhouse total 3884)
Sweeping 3 Common Crawl indices: CC-MAIN-2026-34, CC-MAIN-2026-30, CC-MAIN-2026-25

CC-MAIN-2026-34 boards.greenhouse.io: 2 pages -> +1782 new tokens (greenhouse total 1782)
CC-MAIN-2026-34 job-boards.greenhouse.io: 5 pages -> +1681 new tokens (greenhouse total 3463)
CC-MAIN-2026-34 boards.eu.greenhouse.io: 1 pages -> +30 new tokens (greenhouse total 3493)
CC-MAIN-2026-34 job-boards.eu.greenhouse.io: 1 pages -> +277 new tokens (greenhouse total 3770)
CC-MAIN-2026-34 jobs.lever.co: 1 pages -> +0 new tokens (lever total 0)
CC-MAIN-2026-34 jobs.eu.lever.co: 1 pages -> +73 new tokens (lever total 73)
CC-MAIN-2026-34 jobs.ashbyhq.com: 2 pages -> +2709 new tokens (ashby total 2709)
CC-MAIN-2026-30 boards.greenhouse.io: 1 pages -> +272 new tokens (greenhouse total 4042)
CC-MAIN-2026-30 job-boards.greenhouse.io: 5 pages -> +1074 new tokens (greenhouse total 5116)
CC-MAIN-2026-30 boards.eu.greenhouse.io: 1 pages -> +15 new tokens (greenhouse total 5131)
CC-MAIN-2026-30 job-boards.eu.greenhouse.io: 1 pages -> +58 new tokens (greenhouse total 5189)
CC-MAIN-2026-30 jobs.lever.co: 1 pages -> +0 new tokens (lever total 73)
CC-MAIN-2026-30 jobs.eu.lever.co: 1 pages -> +15 new tokens (lever total 88)
CC-MAIN-2026-30 jobs.ashbyhq.com: 2 pages -> +497 new tokens (ashby total 3206)
CC-MAIN-2026-25 boards.greenhouse.io: 1 pages -> +312 new tokens (greenhouse total 5501)
CC-MAIN-2026-25 job-boards.greenhouse.io: 4 pages -> +373 new tokens (greenhouse total 5874)
CC-MAIN-2026-25 boards.eu.greenhouse.io: 1 pages -> +11 new tokens (greenhouse total 5885)
CC-MAIN-2026-25 job-boards.eu.greenhouse.io: 1 pages -> +47 new tokens (greenhouse total 5932)
CC-MAIN-2026-25 jobs.lever.co: 1 pages -> +0 new tokens (lever total 88)
CC-MAIN-2026-25 jobs.eu.lever.co: 1 pages -> +7 new tokens (lever total 95)
CC-MAIN-2026-25 jobs.ashbyhq.com: 2 pages -> +448 new tokens (ashby total 3654)

Candidate tokens: greenhouse 5932, lever 95, ashby 3654 (total 9681)
Wrote /Users/valentin/code/work/auto-company/projects/open-ats-feed/data/tokens.json
Sweeping 17 Common Crawl indices: CC-MAIN-2026-21, CC-MAIN-2026-17, CC-MAIN-2026-12, CC-MAIN-2026-08, CC-MAIN-2026-04, CC-MAIN-2025-51, CC-MAIN-2025-47, CC-MAIN-2025-43, CC-MAIN-2025-38, CC-MAIN-2025-33, CC-MAIN-2025-30, CC-MAIN-2025-26, CC-MAIN-2025-21, CC-MAIN-2025-18, CC-MAIN-2025-13, CC-MAIN-2025-08, CC-MAIN-2025-05

Resuming from checkpoint: 9681 tokens already known

CC-MAIN-2026-21 boards.greenhouse.io: 1 pages -> +214 new tokens (greenhouse total 6146)
CC-MAIN-2026-21 job-boards.greenhouse.io: 5 pages -> +354 new tokens (greenhouse total 6500)
CC-MAIN-2026-21 boards.eu.greenhouse.io: 1 pages -> +5 new tokens (greenhouse total 6505)
CC-MAIN-2026-21 job-boards.eu.greenhouse.io: 1 pages -> +26 new tokens (greenhouse total 6531)
CC-MAIN-2026-21 jobs.lever.co: 1 pages -> +0 new tokens (lever total 95)
CC-MAIN-2026-21 jobs.eu.lever.co: 1 pages -> +5 new tokens (lever total 100)
CC-MAIN-2026-21 jobs.ashbyhq.com: 2 pages -> +215 new tokens (ashby total 3869)
CC-MAIN-2026-17 boards.greenhouse.io: 1 pages -> +104 new tokens (greenhouse total 6635)
CC-MAIN-2026-17 job-boards.greenhouse.io: 4 pages -> +405 new tokens (greenhouse total 7040)
CC-MAIN-2026-17 boards.eu.greenhouse.io: 1 pages -> +15 new tokens (greenhouse total 7055)
CC-MAIN-2026-17 job-boards.eu.greenhouse.io: 1 pages -> +28 new tokens (greenhouse total 7083)
CC-MAIN-2026-17 jobs.lever.co: 1 pages -> +0 new tokens (lever total 100)
CC-MAIN-2026-17 jobs.eu.lever.co: 1 pages -> +7 new tokens (lever total 107)
CC-MAIN-2026-17 jobs.ashbyhq.com: 2 pages -> +51 new tokens (ashby total 3920)
CC-MAIN-2026-12 boards.greenhouse.io: 1 pages -> +181 new tokens (greenhouse total 7264)
CC-MAIN-2026-12 job-boards.greenhouse.io: 5 pages -> +138 new tokens (greenhouse total 7402)
CC-MAIN-2026-12 boards.eu.greenhouse.io: 1 pages -> +5 new tokens (greenhouse total 7407)
CC-MAIN-2026-12 job-boards.eu.greenhouse.io: 1 pages -> +10 new tokens (greenhouse total 7417)
CC-MAIN-2026-12 jobs.lever.co: 1 pages -> +0 new tokens (lever total 107)
CC-MAIN-2026-12 jobs.eu.lever.co: 1 pages -> +1 new tokens (lever total 108)
CC-MAIN-2026-12 jobs.ashbyhq.com: 2 pages -> +19 new tokens (ashby total 3939)
CC-MAIN-2026-08 boards.greenhouse.io: 1 pages -> +197 new tokens (greenhouse total 7614)
  ! CC-MAIN-2026-08 job-boards.greenhouse.io page 0: HTTP 504
CC-MAIN-2026-08 job-boards.greenhouse.io: 5 pages -> +66 new tokens (greenhouse total 7680)
CC-MAIN-2026-08 boards.eu.greenhouse.io: 1 pages -> +3 new tokens (greenhouse total 7683)
CC-MAIN-2026-08 job-boards.eu.greenhouse.io: 1 pages -> +9 new tokens (greenhouse total 7692)
CC-MAIN-2026-08 jobs.lever.co: 1 pages -> +0 new tokens (lever total 108)
CC-MAIN-2026-08 jobs.eu.lever.co: 1 pages -> +4 new tokens (lever total 112)
CC-MAIN-2026-08 jobs.ashbyhq.com: 2 pages -> +152 new tokens (ashby total 4091)
  ! CC-MAIN-2026-04 boards.greenhouse.io page 0: fetch failed
  ! CC-MAIN-2026-04 boards.greenhouse.io page 1: fetch failed
CC-MAIN-2026-04 boards.greenhouse.io: 2 pages -> +0 new tokens (greenhouse total 7692)
